
> excel-function-helper@1.0.0 build
> tsc && vite build

'tsc' is not recognized as an internal or external command,
operable program or batch file.
